笆ｲ Next.js 16.1.1 (Turbopack)

  Creating an optimized production build ...
笨・Compiled successfully in 4.6s
  Running TypeScript ...
